Seed = 453 [Read from input file]
Stage Created: 4 slots initialized
15 Flamenco Dancer(s) initialized
8 Juggler(s) initialized
2 Soloist(s) initialized
0s | Juggler [0] has started on Stage 0
    They will be performing for 1s
0s | Juggler [1] has started on Stage 1
    They will be performing for 1s
0s | Juggler [7] has started on Stage 2
    They will be performing for 1s
0s | Juggler [6] has started on Stage 3
    They will be performing for 1s
1s | Juggler [0] has finished & is leaving Stage 0
1s | Juggler [4] has started on Stage 0
    They will be performing for 2s
1s | Juggler [1] has finished & is leaving Stage 1
1s | Juggler [2] has started on Stage 1
    They will be performing for 2s
1s | Juggler [7] has finished & is leaving Stage 2
1s | Juggler [5] has started on Stage 2
    They will be performing for 1s
1s | Juggler [6] has finished & is leaving Stage 3
1s | Juggler [3] has started on Stage 3
    They will be performing for 2s
2s | Juggler [5] has finished & is leaving Stage 2
3s | Juggler [4] has finished & is leaving Stage 0
3s | Juggler [2] has finished & is leaving Stage 1
3s | Juggler [3] has finished & is leaving Stage 3
3s | Flamenco Dancer [7] has started on Stage 1
    They will be performing for 2s
3s | Flamenco Dancer [1] has started on Stage 3
    They will be performing for 4s
3s | Flamenco Dancer [2] has started on Stage 0
    They will be performing for 1s
3s | Flamenco Dancer [4] has started on Stage 2
    They will be performing for 4s
4s | Flamenco Dancer [2] has finished & is leaving Stage 0
4s | Flamenco Dancer [5] has started on Stage 0
    They will be performing for 1s
5s | Flamenco Dancer [7] has finished & is leaving Stage 1
5s | Flamenco Dancer [12] has started on Stage 1
    They will be performing for 3s
5s | Flamenco Dancer [5] has finished & is leaving Stage 0
5s | Flamenco Dancer [3] has started on Stage 0
    They will be performing for 4s
7s | Flamenco Dancer [1] has finished & is leaving Stage 3
7s | Flamenco Dancer [10] has started on Stage 3
    They will be performing for 4s
7s | Flamenco Dancer [4] has finished & is leaving Stage 2
7s | Flamenco Dancer [14] has started on Stage 2
    They will be performing for 1s
8s | Flamenco Dancer [12] has finished & is leaving Stage 1
8s | Flamenco Dancer [8] has started on Stage 1
    They will be performing for 4s
8s | Flamenco Dancer [14] has finished & is leaving Stage 2
8s | Flamenco Dancer [13] has started on Stage 2
    They will be performing for 4s
9s | Flamenco Dancer [3] has finished & is leaving Stage 0
9s | Flamenco Dancer [6] has started on Stage 0
    They will be performing for 2s
11s | Flamenco Dancer [10] has finished & is leaving Stage 3
11s | Flamenco Dancer [0] has started on Stage 3
    They will be performing for 4s
11s | Flamenco Dancer [6] has finished & is leaving Stage 0
11s | Flamenco Dancer [11] has started on Stage 0
    They will be performing for 2s
12s | Flamenco Dancer [13] has finished & is leaving Stage 2
12s | Flamenco Dancer [9] has started on Stage 2
    They will be performing for 3s
12s | Flamenco Dancer [8] has finished & is leaving Stage 1
13s | Flamenco Dancer [11] has finished & is leaving Stage 0
15s | Flamenco Dancer [0] has finished & is leaving Stage 3
15s | Flamenco Dancer [9] has finished & is leaving Stage 2
15s | Soloist [0] has started on Stage 0
    They will be performing for 5s
20s | Soloist [0] has finished & is leaving Stage 0
20s | Soloist [1] has started on Stage 0
    They will be performing for 3s
23s | Soloist [1] has finished & is leaving Stage 0
23s | The Spectacular is Finished
