Seed = 1 [Read from input file]
Stage Created: 4 slots initialized
15 Flamenco Dancer(s) initialized
8 Juggler(s) initialized
2 Soloist(s) initialized
0s | Juggler [0] has started on Stage 0
    They will be performing for 2s
0s | Juggler [1] has started on Stage 1
    They will be performing for 4s
0s | Juggler [3] has started on Stage 2
    They will be performing for 7s
0s | Juggler [2] has started on Stage 3
    They will be performing for 3s
2s | Juggler [0] has finished & is leaving Stage 0
2s | Juggler [6] has started on Stage 0
    They will be performing for 4s
3s | Juggler [2] has finished & is leaving Stage 3
3s | Juggler [7] has started on Stage 3
    They will be performing for 2s
4s | Juggler [1] has finished & is leaving Stage 1
4s | Juggler [4] has started on Stage 1
    They will be performing for 7s
5s | Juggler [7] has finished & is leaving Stage 3
5s | Juggler [5] has started on Stage 3
    They will be performing for 4s
6s | Juggler [6] has finished & is leaving Stage 0
7s | Juggler [3] has finished & is leaving Stage 2
9s | Juggler [5] has finished & is leaving Stage 3
11s | Juggler [4] has finished & is leaving Stage 1
11s | Flamenco Dancer [3] has started on Stage 0
    They will be performing for 3s
11s | Flamenco Dancer [7] has started on Stage 2
    They will be performing for 4s
11s | Flamenco Dancer [6] has started on Stage 3
    They will be performing for 2s
11s | Flamenco Dancer [2] has started on Stage 1
    They will be performing for 3s
13s | Flamenco Dancer [6] has finished & is leaving Stage 3
13s | Flamenco Dancer [9] has started on Stage 3
    They will be performing for 3s
14s | Flamenco Dancer [3] has finished & is leaving Stage 0
14s | Flamenco Dancer [1] has started on Stage 0
    They will be performing for 1s
14s | Flamenco Dancer [2] has finished & is leaving Stage 1
14s | Flamenco Dancer [0] has started on Stage 1
    They will be performing for 2s
15s | Flamenco Dancer [7] has finished & is leaving Stage 2
15s | Flamenco Dancer [12] has started on Stage 2
    They will be performing for 2s
15s | Flamenco Dancer [1] has finished & is leaving Stage 0
15s | Flamenco Dancer [13] has started on Stage 0
    They will be performing for 4s
16s | Flamenco Dancer [9] has finished & is leaving Stage 3
16s | Flamenco Dancer [11] has started on Stage 3
    They will be performing for 1s
16s | Flamenco Dancer [0] has finished & is leaving Stage 1
16s | Flamenco Dancer [4] has started on Stage 1
    They will be performing for 2s
17s | Flamenco Dancer [12] has finished & is leaving Stage 2
17s | Flamenco Dancer [10] has started on Stage 2
    They will be performing for 2s
17s | Flamenco Dancer [11] has finished & is leaving Stage 3
17s | Flamenco Dancer [14] has started on Stage 3
    They will be performing for 2s
18s | Flamenco Dancer [4] has finished & is leaving Stage 1
18s | Flamenco Dancer [8] has started on Stage 1
    They will be performing for 2s
19s | Flamenco Dancer [10] has finished & is leaving Stage 2
19s | Flamenco Dancer [5] has started on Stage 2
    They will be performing for 2s
19s | Flamenco Dancer [14] has finished & is leaving Stage 3
19s | Flamenco Dancer [13] has finished & is leaving Stage 0
20s | Flamenco Dancer [8] has finished & is leaving Stage 1
21s | Flamenco Dancer [5] has finished & is leaving Stage 2
21s | Soloist [1] has started on Stage 0
    They will be performing for 7s
28s | Soloist [1] has finished & is leaving Stage 0
28s | Soloist [0] has started on Stage 0
    They will be performing for 8s
36s | Soloist [0] has finished & is leaving Stage 0
36s | The Spectacular is Finished
