Seed = 3457689 [Read from input file]
Stage Created: 4 slots initialized
15 Flamenco Dancer(s) initialized
8 Juggler(s) initialized
2 Soloist(s) initialized
0s | Juggler [0] has started on Stage 0
    They will be performing for 8s
0s | Juggler [1] has started on Stage 1
    They will be performing for 2s
0s | Juggler [2] has started on Stage 2
    They will be performing for 2s
0s | Juggler [3] has started on Stage 3
    They will be performing for 6s
2s | Juggler [1] has finished & is leaving Stage 1
2s | Juggler [4] has started on Stage 1
    They will be performing for 2s
2s | Juggler [2] has finished & is leaving Stage 2
2s | Juggler [5] has started on Stage 2
    They will be performing for 1s
3s | Juggler [5] has finished & is leaving Stage 2
3s | Juggler [6] has started on Stage 2
    They will be performing for 10s
4s | Juggler [4] has finished & is leaving Stage 1
4s | Juggler [7] has started on Stage 1
    They will be performing for 9s
6s | Juggler [3] has finished & is leaving Stage 3
8s | Juggler [0] has finished & is leaving Stage 0
13s | Juggler [7] has finished & is leaving Stage 1
13s | Juggler [6] has finished & is leaving Stage 2
13s | Flamenco Dancer [6] has started on Stage 0
    They will be performing for 7s
13s | Flamenco Dancer [12] has started on Stage 1
    They will be performing for 1s
13s | Flamenco Dancer [8] has started on Stage 2
    They will be performing for 2s
13s | Flamenco Dancer [0] has started on Stage 3
    They will be performing for 7s
14s | Flamenco Dancer [12] has finished & is leaving Stage 1
14s | Flamenco Dancer [14] has started on Stage 1
    They will be performing for 7s
15s | Flamenco Dancer [8] has finished & is leaving Stage 2
15s | Flamenco Dancer [4] has started on Stage 2
    They will be performing for 7s
20s | Flamenco Dancer [6] has finished & is leaving Stage 0
20s | Flamenco Dancer [3] has started on Stage 0
    They will be performing for 2s
20s | Flamenco Dancer [0] has finished & is leaving Stage 3
20s | Flamenco Dancer [11] has started on Stage 3
    They will be performing for 7s
21s | Flamenco Dancer [14] has finished & is leaving Stage 1
21s | Flamenco Dancer [2] has started on Stage 1
    They will be performing for 5s
22s | Flamenco Dancer [4] has finished & is leaving Stage 2
22s | Flamenco Dancer [13] has started on Stage 2
    They will be performing for 3s
22s | Flamenco Dancer [3] has finished & is leaving Stage 0
22s | Flamenco Dancer [10] has started on Stage 0
    They will be performing for 6s
25s | Flamenco Dancer [13] has finished & is leaving Stage 2
25s | Flamenco Dancer [7] has started on Stage 2
    They will be performing for 2s
26s | Flamenco Dancer [2] has finished & is leaving Stage 1
26s | Flamenco Dancer [1] has started on Stage 1
    They will be performing for 1s
27s | Flamenco Dancer [11] has finished & is leaving Stage 3
27s | Flamenco Dancer [9] has started on Stage 3
    They will be performing for 2s
27s | Flamenco Dancer [1] has finished & is leaving Stage 1
27s | Flamenco Dancer [5] has started on Stage 1
    They will be performing for 2s
27s | Flamenco Dancer [7] has finished & is leaving Stage 2
28s | Flamenco Dancer [10] has finished & is leaving Stage 0
29s | Flamenco Dancer [9] has finished & is leaving Stage 3
29s | Flamenco Dancer [5] has finished & is leaving Stage 1
29s | Soloist [0] has started on Stage 0
    They will be performing for 8s
37s | Soloist [0] has finished & is leaving Stage 0
37s | Soloist [1] has started on Stage 0
    They will be performing for 8s
45s | Soloist [1] has finished & is leaving Stage 0
45s | The Spectacular is Finished
